  Determining projects to restore...
  All projects are up-to-date for restore.
C:\Users\Sama Elkhatib\HospitalApiProject\Interfaces\IAppointmentService.cs(6,22): error CS0246: The type or namespace name 'AppointmentReadDto' could not be found (are you missing a using directive or an assembly reference?) [C:\Users\Sama Elkhatib\HospitalApiProject\HospitalApiProject.csproj]
C:\Users\Sama Elkhatib\HospitalApiProject\Controllers\AppointmentsController.cs(18,43): error CS0246: The type or namespace name 'AppointmentCreateDto' could not be found (are you missing a using directive or an assembly reference?) [C:\Users\Sama Elkhatib\HospitalApiProject\HospitalApiProject.csproj]
C:\Users\Sama Elkhatib\HospitalApiProject\Services\AppointmentService.cs(14,35): error CS0246: The type or namespace name 'AppointmentReadDto' could not be found (are you missing a using directive or an assembly reference?) [C:\Users\Sama Elkhatib\HospitalApiProject\HospitalApiProject.csproj]
C:\Users\Sama Elkhatib\HospitalApiProject\Controllers\PatientsController.cs(24,45): error CS0246: The type or namespace name 'PatientCreateDto' could not be found (are you missing a using directive or an assembly reference?) [C:\Users\Sama Elkhatib\HospitalApiProject\HospitalApiProject.csproj]
C:\Users\Sama Elkhatib\HospitalApiProject\Interfaces\IAppointmentService.cs(7,26): error CS0246: The type or namespace name 'AppointmentCreateDto' could not be found (are you missing a using directive or an assembly reference?) [C:\Users\Sama Elkhatib\HospitalApiProject\HospitalApiProject.csproj]
C:\Users\Sama Elkhatib\HospitalApiProject\Services\AppointmentService.cs(18,39): error CS0246: The type or namespace name 'AppointmentCreateDto' could not be found (are you missing a using directive or an assembly reference?) [C:\Users\Sama Elkhatib\HospitalApiProject\HospitalApiProject.csproj]
C:\Users\Sama Elkhatib\HospitalApiProject\Interfaces\IPatientService.cs(6,22): error CS0246: The type or namespace name 'PatientReadDto' could not be found (are you missing a using directive or an assembly reference?) [C:\Users\Sama Elkhatib\HospitalApiProject\HospitalApiProject.csproj]
C:\Users\Sama Elkhatib\HospitalApiProject\Services\PatientService.cs(14,35): error CS0246: The type or namespace name 'PatientReadDto' could not be found (are you missing a using directive or an assembly reference?) [C:\Users\Sama Elkhatib\HospitalApiProject\HospitalApiProject.csproj]
C:\Users\Sama Elkhatib\HospitalApiProject\Controllers\PatientsController.cs(27,53): error CS0246: The type or namespace name 'PatientUpdateDto' could not be found (are you missing a using directive or an assembly reference?) [C:\Users\Sama Elkhatib\HospitalApiProject\HospitalApiProject.csproj]
C:\Users\Sama Elkhatib\HospitalApiProject\Interfaces\IPatientService.cs(7,38): error CS0246: The type or namespace name 'PatientCreateDto' could not be found (are you missing a using directive or an assembly reference?) [C:\Users\Sama Elkhatib\HospitalApiProject\HospitalApiProject.csproj]
C:\Users\Sama Elkhatib\HospitalApiProject\Interfaces\IPatientService.cs(7,10): error CS0246: The type or namespace name 'PatientReadDto' could not be found (are you missing a using directive or an assembly reference?) [C:\Users\Sama Elkhatib\HospitalApiProject\HospitalApiProject.csproj]
C:\Users\Sama Elkhatib\HospitalApiProject\Services\PatientService.cs(17,51): error CS0246: The type or namespace name 'PatientCreateDto' could not be found (are you missing a using directive or an assembly reference?) [C:\Users\Sama Elkhatib\HospitalApiProject\HospitalApiProject.csproj]
C:\Users\Sama Elkhatib\HospitalApiProject\Services\PatientService.cs(17,23): error CS0246: The type or namespace name 'PatientReadDto' could not be found (are you missing a using directive or an assembly reference?) [C:\Users\Sama Elkhatib\HospitalApiProject\HospitalApiProject.csproj]

Build FAILED.

C:\Users\Sama Elkhatib\HospitalApiProject\Interfaces\IAppointmentService.cs(6,22): error CS0246: The type or namespace name 'AppointmentReadDto' could not be found (are you missing a using directive or an assembly reference?) [C:\Users\Sama Elkhatib\HospitalApiProject\HospitalApiProject.csproj]
C:\Users\Sama Elkhatib\HospitalApiProject\Controllers\AppointmentsController.cs(18,43): error CS0246: The type or namespace name 'AppointmentCreateDto' could not be found (are you missing a using directive or an assembly reference?) [C:\Users\Sama Elkhatib\HospitalApiProject\HospitalApiProject.csproj]
C:\Users\Sama Elkhatib\HospitalApiProject\Services\AppointmentService.cs(14,35): error CS0246: The type or namespace name 'AppointmentReadDto' could not be found (are you missing a using directive or an assembly reference?) [C:\Users\Sama Elkhatib\HospitalApiProject\HospitalApiProject.csproj]
C:\Users\Sama Elkhatib\HospitalApiProject\Controllers\PatientsController.cs(24,45): error CS0246: The type or namespace name 'PatientCreateDto' could not be found (are you missing a using directive or an assembly reference?) [C:\Users\Sama Elkhatib\HospitalApiProject\HospitalApiProject.csproj]
C:\Users\Sama Elkhatib\HospitalApiProject\Interfaces\IAppointmentService.cs(7,26): error CS0246: The type or namespace name 'AppointmentCreateDto' could not be found (are you missing a using directive or an assembly reference?) [C:\Users\Sama Elkhatib\HospitalApiProject\HospitalApiProject.csproj]
C:\Users\Sama Elkhatib\HospitalApiProject\Services\AppointmentService.cs(18,39): error CS0246: The type or namespace name 'AppointmentCreateDto' could not be found (are you missing a using directive or an assembly reference?) [C:\Users\Sama Elkhatib\HospitalApiProject\HospitalApiProject.csproj]
C:\Users\Sama Elkhatib\HospitalApiProject\Interfaces\IPatientService.cs(6,22): error CS0246: The type or namespace name 'PatientReadDto' could not be found (are you missing a using directive or an assembly reference?) [C:\Users\Sama Elkhatib\HospitalApiProject\HospitalApiProject.csproj]
C:\Users\Sama Elkhatib\HospitalApiProject\Services\PatientService.cs(14,35): error CS0246: The type or namespace name 'PatientReadDto' could not be found (are you missing a using directive or an assembly reference?) [C:\Users\Sama Elkhatib\HospitalApiProject\HospitalApiProject.csproj]
C:\Users\Sama Elkhatib\HospitalApiProject\Controllers\PatientsController.cs(27,53): error CS0246: The type or namespace name 'PatientUpdateDto' could not be found (are you missing a using directive or an assembly reference?) [C:\Users\Sama Elkhatib\HospitalApiProject\HospitalApiProject.csproj]
C:\Users\Sama Elkhatib\HospitalApiProject\Interfaces\IPatientService.cs(7,38): error CS0246: The type or namespace name 'PatientCreateDto' could not be found (are you missing a using directive or an assembly reference?) [C:\Users\Sama Elkhatib\HospitalApiProject\HospitalApiProject.csproj]
C:\Users\Sama Elkhatib\HospitalApiProject\Interfaces\IPatientService.cs(7,10): error CS0246: The type or namespace name 'PatientReadDto' could not be found (are you missing a using directive or an assembly reference?) [C:\Users\Sama Elkhatib\HospitalApiProject\HospitalApiProject.csproj]
C:\Users\Sama Elkhatib\HospitalApiProject\Services\PatientService.cs(17,51): error CS0246: The type or namespace name 'PatientCreateDto' could not be found (are you missing a using directive or an assembly reference?) [C:\Users\Sama Elkhatib\HospitalApiProject\HospitalApiProject.csproj]
C:\Users\Sama Elkhatib\HospitalApiProject\Services\PatientService.cs(17,23): error CS0246: The type or namespace name 'PatientReadDto' could not be found (are you missing a using directive or an assembly reference?) [C:\Users\Sama Elkhatib\HospitalApiProject\HospitalApiProject.csproj]
    0 Warning(s)
    13 Error(s)

Time Elapsed 00:00:01.82

Workload updates are available. Run `dotnet workload list` for more information.
